{'Zuixinriju': {'TLJC': {'title': 'ÍÆÀí¾ç³¡'}, 'YLCXWY': {'title': 'Ô½Â·´µÑ©ÎïÓï'}, 'WDWXQZWDKBQZ': {'title': 'ÎÒµÄÎ£ÏÕÆÞ×Ó/ÎÒµÄ¿Ö²ÀÆÞ×Ó'}, 'DaisyLuck': {'title': 'Daisy Luck'}, 'ZSZSAZN': {'title': 'Õ½ÉñÖ»ÊÇ°®×ÅÄã'}, 'XJSCG': {'title': 'Ðá¾õËÑ²é¹Ù'}, 'TZXAZSZM': {'title': 'ÌúÖ¤Ðü°¸¡«ÕæÊµÖ®ÃÅ'}, 'FMMBS': {'title': '·ÇÂèÂè°×Êé'}, 'SJXLOL': {'title': 'Ê±¼äÑ²ÂßOL'}, 'ZTW': {'title': 'ÕæÌïÍè'}, 'YJ': {'title': 'Òþ¾Õ'}, 'YZDGZ': {'title': 'ÓîÖæµÄ¹¤×÷'}, 'JHDZTSX2': {'title': '½\xad»§µÁÔôÍÅË«ÐÛ2'}, 'TH': {'title': 'Ìì»¨'}, 'LDNL': {'title': 'Ìì»¨'}, 'BSZY': {'title': 'Ìì»¨'}, 'GWJLSLH': {'title': 'Ìì»¨'}, 'GLYH': {'title': 'Ìì»¨'}, 'CGY': {'title': 'Ìì»¨'}, 'DJDSNZ': {'title': 'Ìì»¨'}, 'LHDERSP': {'title': 'Ìì»¨'}, 'ZRDMS': {'title': 'Ìì»¨'}, 'TWH': {'title': 'Ìì»¨'}, 'ZYYTSZDRZ': {'title': 'Ìì»¨'}, 'SQZW': {'title': 'Ìì»¨'}, 'DJESSQN': {'title': 'Ìì»¨'}, 'CZYYXC': {'title': 'Ìì»¨'}, 'JJSXSDSJ': {'title': 'Ìì»¨'}, 'JTZFDZC': {'title': 'Ìì»¨'}, 'TS9JSTSYKTSB2': {'title': 'Ìì»¨'}, 'BYZS': {'title': 'Ìì»¨'}, 'FGLABS14': {'title': 'Ìì»¨'}, 'JJ': {'title': 'Ìì»¨'}, 'RadiationHouseFSKDZDBG': {'title': 'Ìì»¨'}, 'ACLMDXQTXSP3': {'title': 'Ìì»¨'}, 'DLSDXQQSXSJDLDZY': {'title': 'Ìì»¨'}, 'MZTMZXWL': {'title': 'Ìì»¨'}, 'XDWZDEJ': {'title': 'Ìì»¨'}, 'WJDMM': {'title': 'Ìì»¨'}, 'WTTDJAYDGS': {'title': 'Ìì»¨'}, 'HYYS2': {'title': 'Ìì»¨'}, 'WAFA': {'title': 'Ìì»¨'}, 'GHOSTTOWN': {'title': 'Ìì»¨'}, 'ZSJZSGB': {'title': 'Ìì»¨'}, 'WDCLQRWDCLXGN': {'title': 'Ìì»¨'}, 'WXDSH': {'title': 'Ìì»¨'}, 'SZQSP': {'title': 'Ìì»¨'}, '1YZL': {'title': 'Ìì»¨'}, 'WSDGD2018': {'title': 'Ìì»¨'}, '3NABCXZQDJDSRZ': {'title': 'Ìì»¨'}, 'LGJBL': {'title': 'Ìì»¨'}, 'ZB2405WSDLY': {'title': 'Ìì»¨'}, 'CLNYTSDDGS': {'title': 'Ìì»¨'}, 'CMSS': {'title': 'Ìì»¨'}, 'GGGSNZSSDLLRC': {'title': 'Ìì»¨'}, 'MFZDNRDNX': {'title': 'Ìì»¨'}, 'WMFZ': {'title': 'Ìì»¨'}, 'ZWGDHYKB': {'title': 'Ìì»¨'}, 'LEGALHIGH': {'title': 'Ìì»¨'}, 'BYX': {'title': 'Ìì»¨'}, 'XBDSQJ': {'title': 'Ìì»¨'}, 'WMWFCWYS': {'title': 'Ìì»¨'}, 'JDZY': {'title': 'Ìì»¨'}, 'UNNATURAL': {'title': 'Ìì»¨'}, 'JSGBW': {'title': 'Ìì»¨'}, 'InnocenceYZLS': {'title': 'Ìì»¨'}, 'XDWZ': {'title': 'Ìì»¨'}, 'AGXQ': {'title': 'Ìì»¨'}, 'TraceKSYDNR': {'title': 'Ìì»¨'}, 'BLST': {'title': 'Ìì»¨'}, 'HQY': {'title': 'Ìì»¨'}, 'JPGDXL': {'title': 'Ìì»¨'}, 'CWWJJQHSASW': {'title': 'Ìì»¨'}, 'YH2SJQMYHJ': {'title': 'Ìì»¨'}, 'ZFLQYZM': {'title': 'Ìì»¨'}, 'GDDMSJ': {'title': 'Ìì»¨'}, 'JOKERFACEXCL': {'title': 'Ìì»¨'}, 'XPTXJP': {'title': 'Ìì»¨'}, 'AJYHBDNRMZXYH': {'title': 'Ìì»¨'}, 'PQZBSZ': {'title': 'Ìì»¨'}, 'dele': {'title': 'Ìì»¨'}, 'LEGALHIGH2SZJSZY2': {'title': 'Ìì»¨'}, 'ZXSRJ': {'title': 'Ìì»¨'}, 'DLAYWQWDN': {'title': 'Ìì»¨'}, 'JZLSRBSUITS': {'title': 'Ìì»¨'}, 'JCZJ': {'title': 'Ìì»¨'}, 'HSCW': {'title': 'Ìì»¨'}, 'ZYWBZDJD': {'title': 'Ìì»¨'}, 'GDDMSJDSJ39639': {'title': 'Ìì»¨'}, 'XHJ2': {'title': 'Ìì»¨'}, 'CWZMLSQUEEN': {'title': 'Ìì»¨'}, 'SYST': {'title': 'Ìì»¨'}, 'YGSDYL': {'title': 'Ìì»¨'}, 'PFBJDXYNHHYYZ': {'title': 'Ìì»¨'}, 'LLDZW': {'title': 'Ìì»¨'}, 'CQWZ': {'title': 'Ìì»¨'}, 'TSGAGAGA': {'title': 'Ìì»¨'}, 'DGZMFJ': {'title': 'Ìì»¨'}, 'LMC': {'title': 'Ìì»¨'}, 'SZYDSB': {'title': 'Ìì»¨'}, 'GDDMSJDEJ': {'title': 'Ìì»¨'}, 'WMDSCNLZ': {'title': 'Ìì»¨'}, 'ATJQR': {'title': 'Ìì»¨'}, 'QSHY': {'title': 'Ìì»¨'}, 'ZMHJNZ': {'title': 'Ìì»¨'}, 'TBKCQYY': {'title': 'Ìì»¨'}, 'TTQXXQF': {'title': 'Ìì»¨'}}}

